<?xml version="1.0" encoding="utf-8"?><testsuites name="pytest tests"><testsuite name="pytest" errors="0" failures="0" skipped="0" tests="16" time="0.043" timestamp="2026-05-27T21:27:32.136555+09:00" hostname="LAPTOP-68BRCH9S"><testcase classname="tests.test_challenges" name="test_build_hunter_map_adds_both_directions" time="0.001" /><testcase classname="tests.test_challenges" name="test_build_hunter_map_avoids_duplicate_neighbors" time="0.001" /><testcase classname="tests.test_challenges" name="test_build_hunter_map_empty_edges_returns_empty_graph" time="0.000" /><testcase classname="tests.test_challenges" name="test_build_weighted_hunter_map_adds_both_directions" time="0.001" /><testcase classname="tests.test_challenges" name="test_build_weighted_hunter_map_keeps_lowest_duplicate_weight" time="0.000" /><testcase classname="tests.test_challenges" name="test_build_weighted_hunter_map_rejects_non_positive_weights[0]" time="0.001" /><testcase classname="tests.test_challenges" name="test_build_weighted_hunter_map_rejects_non_positive_weights[-1]" time="0.001" /><testcase classname="tests.test_challenges" name="test_build_weighted_hunter_map_rejects_non_positive_weights[-10]" time="0.001" /><testcase classname="tests.test_challenges" name="test_map_summary_counts_locations_and_undirected_routes" time="0.001" /><testcase classname="tests.test_challenges" name="test_map_summary_empty_graph" time="0.001" /><testcase classname="tests.test_challenges" name="test_most_connected_location_returns_highest_degree_location" time="0.001" /><testcase classname="tests.test_challenges" name="test_most_connected_location_tie_returns_alphabetically_first" time="0.001" /><testcase classname="tests.test_challenges" name="test_most_connected_location_empty_graph_returns_none" time="0.001" /><testcase classname="tests.test_challenges" name="test_priority_hunt_order_returns_locations_by_priority" time="0.001" /><testcase classname="tests.test_challenges" name="test_priority_hunt_order_empty_reports" time="0.000" /><testcase classname="tests.test_challenges" name="test_priority_hunt_order_handles_ties_alphabetically" time="0.000" /></testsuite></testsuites>